[debug] [2026-09-30T11:08:46.672Z] ----------------------------------------------------------------------
[debug] [2026-09-30T11:08:46.684Z] Command:       C:\Program Files\nodejs\node.exe C:\Users\Kubilay GÜZEL\AppData\Roaming\npm\node_modules\firebase-tools\lib\bin\firebase.js deploy --only hosting
[debug] [2026-09-30T11:08:46.685Z] CLI Version:   15.0.0
[debug] [2026-09-30T11:08:46.685Z] Platform:      win32
[debug] [2026-09-30T11:08:46.685Z] Node Version:  v24.12.0
[debug] [2026-09-30T11:08:46.685Z] Time:          Wed Sep 30 2026 14:08:46 GMT+0300 (GMT+03:00)
[debug] [2026-09-30T11:08:46.685Z] ----------------------------------------------------------------------
[debug] 
[debug] [2026-09-30T11:08:46.688Z] >>> [apiv2][query] GET https://firebase-public.firebaseio.com/cli.json [none]
[debug] [2026-09-30T11:09:31.336Z] > command requires scopes: ["email","openid","https://www.googleapis.com/auth/cloudplatformprojects.readonly","https://www.googleapis.com/auth/firebase","https://www.googleapis.com/auth/cloud-platform"]
[debug] [2026-09-30T11:09:31.337Z] > authorizing via signed-in user (kubilayguzel@evrekagroup.com)
[debug] [2026-09-30T11:09:31.337Z] [iam] checking project ipgate-31bd2 for permissions ["firebase.projects.get","firebasehosting.sites.update"]
[debug] [2026-09-30T11:09:31.339Z] Checked if tokens are valid: false, expires at: 1790682355968
[debug] [2026-09-30T11:09:31.340Z] Checked if tokens are valid: false, expires at: 1790682355968
[debug] [2026-09-30T11:09:31.340Z] > refreshing access token with scopes: []
[debug] [2026-09-30T11:09:31.344Z] >>> [apiv2][query] POST https://www.googleapis.com/oauth2/v3/token [none]
[debug] [2026-09-30T11:09:31.344Z] >>> [apiv2][body] POST https://www.googleapis.com/oauth2/v3/token [omitted]
[debug] [2026-09-30T11:09:31.693Z] <<< [apiv2][status] POST https://www.googleapis.com/oauth2/v3/token 400
[debug] [2026-09-30T11:09:31.694Z] <<< [apiv2][body] POST https://www.googleapis.com/oauth2/v3/token [omitted]
[error] Authentication Error: Your credentials are no longer valid. Please run firebase login --reauth

For CI servers and headless environments, generate a new token with firebase login:ci
[error] Authentication Error: Your credentials are no longer valid. Please run firebase login --reauth

For CI servers and headless environments, generate a new token with firebase login:ci
[debug] [2026-09-30T11:09:31.696Z] [iam] error while checking permissions, command may fail: Authentication Error: Your credentials are no longer valid. Please run firebase login --reauth

For CI servers and headless environments, generate a new token with firebase login:ci
[debug] [2026-09-30T11:09:31.696Z] Checked if tokens are valid: false, expires at: 1790682355968
[debug] [2026-09-30T11:09:31.696Z] Checked if tokens are valid: false, expires at: 1790682355968
[debug] [2026-09-30T11:09:31.696Z] > refreshing access token with scopes: []
[debug] [2026-09-30T11:09:31.696Z] >>> [apiv2][query] POST https://www.googleapis.com/oauth2/v3/token [none]
[debug] [2026-09-30T11:09:31.696Z] >>> [apiv2][body] POST https://www.googleapis.com/oauth2/v3/token [omitted]
[debug] [2026-09-30T11:09:31.803Z] <<< [apiv2][status] GET https://firebase-public.firebaseio.com/cli.json 200
[debug] [2026-09-30T11:09:31.803Z] <<< [apiv2][body] GET https://firebase-public.firebaseio.com/cli.json {"cloudBuildErrorAfter":1594252800000,"cloudBuildWarnAfter":1590019200000,"defaultNode10After":1594252800000,"minVersion":"3.0.5","node8DeploysDisabledAfter":1613390400000,"node8RuntimeDisabledAfter":1615809600000,"node8WarnAfter":1600128000000}
[debug] [2026-09-30T11:09:31.848Z] <<< [apiv2][status] POST https://www.googleapis.com/oauth2/v3/token 400
[debug] [2026-09-30T11:09:31.848Z] <<< [apiv2][body] POST https://www.googleapis.com/oauth2/v3/token [omitted]
[error] Authentication Error: Your credentials are no longer valid. Please run firebase login --reauth

For CI servers and headless environments, generate a new token with firebase login:ci
[error] Authentication Error: Your credentials are no longer valid. Please run firebase login --reauth

For CI servers and headless environments, generate a new token with firebase login:ci
[debug] [2026-09-30T11:09:31.849Z] Authentication Error: Your credentials are no longer valid. Please run firebase login --reauth

For CI servers and headless environments, generate a new token with firebase login:ci
[error] 
[error] Error: Assertion failed: resolving hosting target of a site with no site name or target name. This should have caused an error earlier
